// Jest Snapshot v1, https://goo.gl/fbAQLP

exports[`Teste do componente Footer Testa carregamento correto 1`] = `
<footer
  className="sc-bdfCDU kdpXOj"
  data-testid="footer"
>
  OnlineStore Â© Todos os direitos reservados
</footer>
`;
